
> portfolio@0.1.0 build
> next build

   Γû▓ Next.js 15.4.2
   - Experiments (use with caution):
     ┬╖ optimizePackageImports

   Creating an optimized production build ...
